git test
第二次修改文件